[INFO] Scanning for projects...
[INFO] 
[INFO] ----------------------< de.htwsaar.minicdn:edge >-----------------------
[INFO] Building mini-cdn-edge 1.0-SNAPSHOT
[INFO]   from pom.xml
[INFO] --------------------------------[ jar ]---------------------------------
[INFO] 
[INFO] >>> spring-boot:3.2.5:run (default-cli) > test-compile @ edge >>>
[INFO] 
[INFO] --- jooq-codegen:3.20.10:generate (jooq-codegen) @ edge ---
[INFO] 
                                      
@@@@@@@@@@@@@@@@@@@@@@@@@@@@@@@@@@@@@@
@@@@@@@@@@@@@@@@@@@@@@@@@@@@@@@@@@@@@@
@@@@@@@@@@@@@@@@  @@        @@@@@@@@@@
@@@@@@@@@@@@@@@@@@@@        @@@@@@@@@@
@@@@@@@@@@@@@@@@  @@  @@    @@@@@@@@@@
@@@@@@@@@@  @@@@  @@  @@    @@@@@@@@@@
@@@@@@@@@@        @@        @@@@@@@@@@
@@@@@@@@@@@@@@@@@@@@@@@@@@@@@@@@@@@@@@
@@@@@@@@@@@@@@@@@@@@@@@@@@@@@@@@@@@@@@
@@@@@@@@@@        @@        @@@@@@@@@@
@@@@@@@@@@    @@  @@  @@@@  @@@@@@@@@@
@@@@@@@@@@    @@  @@  @@@@  @@@@@@@@@@
@@@@@@@@@@        @@  @  @  @@@@@@@@@@
@@@@@@@@@@        @@        @@@@@@@@@@
@@@@@@@@@@@@@@@@@@@@@@@  @@@@@@@@@@@@@
@@@@@@@@@@@@@@@@@@@@@@@@@@@@@@@@@@@@@@
@@@@@@@@@@@@@@@@@@@@@@@@@@@@@@@@@@@@@@  Thank you for using jOOQ 3.20.10 (Build date: 2025-12-05T08:57:46Z)
                                      
[INFO] 

jOOQ tip of the day: The jOOQ code generator can generate code from an XML representation of your schema: https://www.jooq.org/doc/latest/manual/code-generation/codegen-xml/

[INFO] No <inputCatalog/> was provided. Generating ALL available catalogs instead.
[INFO] No <inputSchema/> was provided. Generating ALL available schemata instead.
[INFO] License parameters       
[INFO] ----------------------------------------------------------
[INFO]   Thank you for using jOOQ and jOOQ's code generator
[INFO]                          
[INFO] Database parameters      
[INFO] ----------------------------------------------------------
[INFO]   dialect                : SQLITE
[INFO]   URL                    : jdbc:sqlite:/Users/michalroziel/Documents/HTW SAAR/Semester 5/Distributed-Systems/gruppe-08-mini-cdn/edge/data/edge-cache.db
[INFO]   target dir             : /Users/michalroziel/Documents/HTW SAAR/Semester 5/Distributed-Systems/gruppe-08-mini-cdn/edge/src/main/java
[INFO]   target package         : de.htwsaar.minicdn.edge.db
[INFO]   includes               : [.*]
[INFO]   excludes               : []
[INFO]   includeExcludeColumns  : false
[INFO] ----------------------------------------------------------
[INFO]                          
[INFO] JavaGenerator parameters 
[INFO] ----------------------------------------------------------
[INFO] annotations              
[INFO]   generated              : false
[INFO]   JPA                    : false
[INFO]   JPA version            : 
[INFO]   validation             : false
[INFO]   spring                 : false
[INFO] comments                 
[INFO]   comments               : true
[INFO]   on attributes          : true
[INFO]   on catalogs            : true
[INFO]   on columns             : true
[INFO]   on embeddables         : true
[INFO]   on keys                : true
[INFO]   on links               : true
[INFO]   on packages            : true
[INFO]   on parameters          : true
[INFO]   on queues              : true
[INFO]   on routines            : true
[INFO]   on schemas             : true
[INFO]   on sequences           : true
[INFO]   on tables              : true
[INFO]   on udts                : true
[INFO] sources                  
[INFO]   sources                : true
[INFO]   sources on views       : true
[INFO] global references        
[INFO]   global references      : true
[INFO]   catalogs               : true
[INFO]   domains                : true
[INFO]   indexes                : true
[INFO]   keys                   : true
[INFO]   links                  : true
[INFO]   queues                 : true
[INFO]   routines               : true
[INFO]   schemas                : true
[INFO]   sequences              : true
[INFO]   tables                 : true
[INFO]   udts                   : true
[INFO] object types             
[INFO]   daos                   : false
[INFO]   indexes                : true
[INFO]   instance fields        : true
[INFO]   interfaces             : false
[INFO]   interfaces (immutable) : false
[INFO]   javadoc                : true
[INFO]   keys                   : true
[INFO]   links                  : true
[INFO]   pojos                  : false
[INFO]   pojos (immutable)      : false
[INFO]   queues                 : true
[INFO]   records                : true
[INFO]   routines               : true
[INFO]   sequences              : true
[INFO]   sequenceFlags          : true
[INFO]   table-valued functions : true
[INFO]   tables                 : true
[INFO]   udts                   : true
[INFO]   relations              : true
[INFO] other                    
[INFO]   deprecated code        : true
[INFO] ----------------------------------------------------------
[INFO]                          
[INFO] Generation remarks       
[INFO] ----------------------------------------------------------
[INFO]                          
[INFO] ----------------------------------------------------------
[INFO] Generating catalogs      : Total: 1
[INFO] ARRAYs fetched           : 0 (0 included, 0 excluded)
[INFO] Domains fetched          : 0 (0 included, 0 excluded)
[INFO] Version                  : Database version is supported by dialect SQLITE: 3.45.1
[INFO] Tables fetched           : 1 (1 included, 0 excluded)
[INFO] Embeddables fetched      : 0 (0 included, 0 excluded)
[INFO] Enums fetched            : 0 (0 included, 0 excluded)
[INFO] Packages fetched         : 0 (0 included, 0 excluded)
[INFO] Routines fetched         : 0 (0 included, 0 excluded)
[INFO] Sequences fetched        : 0 (0 included, 0 excluded)
[INFO] No schema version is applied for catalog . Regenerating.
[INFO]                          
[INFO] Generating catalog       : DefaultCatalog.java
[INFO] ==========================================================
[INFO] Comments fetched         : 0 (0 included, 0 excluded)
[INFO] Generating schemata      : Total: 1
[INFO] No schema version is applied for schema . Regenerating.
[INFO] Generating schema        : DefaultSchema.java
[INFO] ----------------------------------------------------------
[INFO] UDTs fetched             : 0 (0 included, 0 excluded)
[INFO] Generating tables        
[INFO] Generating table         : CacheEntries.java [input=cache_entries, pk=pk_cache_entries]
[INFO] Indexes fetched          : 2 (2 included, 0 excluded)
[INFO] Tables generated         : Total: 228.196ms
[INFO] Generating table records 
[INFO] Generating record        : CacheEntriesRecord.java
[INFO] Table records generated  : Total: 247.177ms, +18.98ms
[INFO] Generating table references
[INFO] Table refs generated     : Total: 247.942ms, +0.765ms
[INFO] Generating Keys          
[INFO] Keys generated           : Total: 248.835ms, +0.892ms
[INFO] Generating Indexes       
[INFO] Indexes generated        : Total: 249.976ms, +1.141ms
[INFO] Generation finished:     : Total: 250.072ms, +0.095ms
[INFO]                          
[INFO] Affected files: 7        
[INFO] Modified files: 0        
[INFO] No modified files        : This code generation run has not produced any file modifications.
This means, the schema has not changed, and no other parameters (jOOQ version, driver version, database version,
and any configuration elements) have changed either.

In automated builds, it is recommended to prevent unnecessary code generation runs. This run took: 234.395ms
Possible means to prevent this:
- Use manual code generation and check in generated sources: https://www.jooq.org/doc/latest/manual/code-generation/codegen-version-control/
- Use schema version providers: https://www.jooq.org/doc/latest/manual/code-generation/codegen-advanced/codegen-config-database/codegen-database-version-providers/
- Use gradle tasks and inputs: https://docs.gradle.org/current/userguide/incremental_build.html
[INFO] Removing excess files    
[INFO] 
[INFO] --- resources:3.3.1:resources (default-resources) @ edge ---
[INFO] Copying 2 resources from src/main/resources to target/classes
[INFO] 
[INFO] --- compiler:3.14.1:compile (default-compile) @ edge ---
[INFO] Nothing to compile - all classes are up to date.
[INFO] 
[INFO] --- resources:3.3.1:testResources (default-testResources) @ edge ---
[INFO] skip non existing resourceDirectory /Users/michalroziel/Documents/HTW SAAR/Semester 5/Distributed-Systems/gruppe-08-mini-cdn/edge/src/test/resources
[INFO] 
[INFO] --- compiler:3.14.1:testCompile (default-testCompile) @ edge ---
[INFO] Nothing to compile - all classes are up to date.
[INFO] 
[INFO] <<< spring-boot:3.2.5:run (default-cli) < test-compile @ edge <<<
[INFO] 
[INFO] 
[INFO] --- spring-boot:3.2.5:run (default-cli) @ edge ---
[INFO] Attaching agents: []

  .   ____          _            __ _ _
 /\\ / ___'_ __ _ _(_)_ __  __ _ \ \ \ \
( ( )\___ | '_ | '_| | '_ \/ _` | \ \ \ \
 \\/  ___)| |_)| | | | | || (_| |  ) ) ) )
  '  |____| .__|_| |_|_| |_\__, | / / / /
 =========|_|==============|___/=/_/_/_/
 :: Spring Boot ::                (v3.2.5)

{"timestamp":"2026-02-23 15:03:27,669","level":"INFO","traceId":"","logger":"de.htwsaar.minicdn.edge.EdgeApp","message":"Starting EdgeApp using Java 21.0.1 with PID 2562 (/Users/michalroziel/Documents/HTW SAAR/Semester 5/Distributed-Systems/gruppe-08-mini-cdn/edge/target/classes started by michalroziel in /Users/michalroziel/Documents/HTW SAAR/Semester 5/Distributed-Systems/gruppe-08-mini-cdn/edge)"}
{"timestamp":"2026-02-23 15:03:27,670","level":"INFO","traceId":"","logger":"de.htwsaar.minicdn.edge.EdgeApp","message":"The following 1 profile is active: "edge""}
{"timestamp":"2026-02-23 15:03:28,012","level":"INFO","traceId":"","logger":"org.springframework.boot.web.embedded.tomcat.TomcatWebServer","message":"Tomcat initialized with port 8081 (http)"}
{"timestamp":"2026-02-23 15:03:28,016","level":"INFO","traceId":"","logger":"org.apache.coyote.http11.Http11NioProtocol","message":"Initializing ProtocolHandler ["http-nio-8081"]"}
{"timestamp":"2026-02-23 15:03:28,017","level":"INFO","traceId":"","logger":"org.apache.catalina.core.StandardService","message":"Starting service [Tomcat]"}
{"timestamp":"2026-02-23 15:03:28,017","level":"INFO","traceId":"","logger":"org.apache.catalina.core.StandardEngine","message":"Starting Servlet engine: [Apache Tomcat/10.1.20]"}
{"timestamp":"2026-02-23 15:03:28,035","level":"INFO","traceId":"","logger":"org.apache.catalina.core.ContainerBase.[Tomcat].[localhost].[/]","message":"Initializing Spring embedded WebApplicationContext"}
{"timestamp":"2026-02-23 15:03:28,036","level":"INFO","traceId":"","logger":"org.springframework.boot.web.servlet.context.ServletWebServerApplicationContext","message":"Root WebApplicationContext: initialization completed in 341 ms"}
{"timestamp":"2026-02-23 15:03:28,186","level":"INFO","traceId":"","logger":"org.apache.coyote.http11.Http11NioProtocol","message":"Starting ProtocolHandler ["http-nio-8081"]"}
{"timestamp":"2026-02-23 15:03:28,197","level":"INFO","traceId":"","logger":"org.springframework.boot.web.embedded.tomcat.TomcatWebServer","message":"Tomcat started on port 8081 (http) with context path ''"}
{"timestamp":"2026-02-23 15:03:28,201","level":"INFO","traceId":"","logger":"de.htwsaar.minicdn.edge.EdgeApp","message":"Started EdgeApp in 0.706 seconds (process running for 0.857)"}
{"timestamp":"2026-02-23 15:03:38,317","level":"INFO","traceId":"","logger":"org.apache.catalina.core.ContainerBase.[Tomcat].[localhost].[/]","message":"Initializing Spring DispatcherServlet 'dispatcherServlet'"}
{"timestamp":"2026-02-23 15:03:38,317","level":"INFO","traceId":"","logger":"org.springframework.web.servlet.DispatcherServlet","message":"Initializing Servlet 'dispatcherServlet'"}
{"timestamp":"2026-02-23 15:03:38,318","level":"INFO","traceId":"","logger":"org.springframework.web.servlet.DispatcherServlet","message":"Completed initialization in 1 ms"}
[INFO] ------------------------------------------------------------------------
[INFO] BUILD FAILURE
[INFO] ------------------------------------------------------------------------
[INFO] Total time:  19.968 s
[INFO] Finished at: 2026-02-23T15:03:45+01:00
[INFO] ------------------------------------------------------------------------
[ERROR] Failed to execute goal org.springframework.boot:spring-boot-maven-plugin:3.2.5:run (default-cli) on project edge: Process terminated with exit code: 143 -> [Help 1]
[ERROR] 
[ERROR] To see the full stack trace of the errors, re-run Maven with the -e switch.
[ERROR] Re-run Maven using the -X switch to enable full debug logging.
[ERROR] 
[ERROR] For more information about the errors and possible solutions, please read the following articles:
[ERROR] [Help 1] http://cwiki.apache.org/confluence/display/MAVEN/MojoExecutionException
