
  .   ____          _            __ _ _
 /\\ / ___'_ __ _ _(_)_ __  __ _ \ \ \ \
( ( )\___ | '_ | '_| | '_ \/ _` | \ \ \ \
 \\/  ___)| |_)| | | | | || (_| |  ) ) ) )
  '  |____| .__|_| |_|_| |_\__, | / / / /
 =========|_|==============|___/=/_/_/_/
 :: Spring Boot ::                (v3.2.5)

{"timestamp":"2026-03-17 18:04:33,110","level":"INFO","traceId":"","logger":"de.htwsaar.minicdn.origin.OriginApp","message":"Starting OriginApp using Java 21.0.1 with PID 22269 (/Users/michalroziel/Documents/HTW SAAR/Semester 5/Distributed-Systems/gruppe-08-mini-cdn/origin/target/origin-1.0-SNAPSHOT-exec.jar started by michalroziel in /Users/michalroziel/Documents/HTW SAAR/Semester 5/Distributed-Systems/gruppe-08-mini-cdn/origin)"}
{"timestamp":"2026-03-17 18:04:33,111","level":"INFO","traceId":"","logger":"de.htwsaar.minicdn.origin.OriginApp","message":"The following 1 profile is active: "origin""}
{"timestamp":"2026-03-17 18:04:33,631","level":"INFO","traceId":"","logger":"org.springframework.boot.web.embedded.tomcat.TomcatWebServer","message":"Tomcat initialized with port 8080 (http)"}
{"timestamp":"2026-03-17 18:04:33,637","level":"INFO","traceId":"","logger":"org.apache.coyote.http11.Http11NioProtocol","message":"Initializing ProtocolHandler ["http-nio-8080"]"}
{"timestamp":"2026-03-17 18:04:33,638","level":"INFO","traceId":"","logger":"org.apache.catalina.core.StandardService","message":"Starting service [Tomcat]"}
{"timestamp":"2026-03-17 18:04:33,638","level":"INFO","traceId":"","logger":"org.apache.catalina.core.StandardEngine","message":"Starting Servlet engine: [Apache Tomcat/10.1.20]"}
{"timestamp":"2026-03-17 18:04:33,656","level":"INFO","traceId":"","logger":"org.apache.catalina.core.ContainerBase.[Tomcat].[localhost].[/]","message":"Initializing Spring embedded WebApplicationContext"}
{"timestamp":"2026-03-17 18:04:33,656","level":"INFO","traceId":"","logger":"org.springframework.boot.web.servlet.context.ServletWebServerApplicationContext","message":"Root WebApplicationContext: initialization completed in 503 ms"}
{"timestamp":"2026-03-17 18:04:33,824","level":"INFO","traceId":"","logger":"org.apache.coyote.http11.Http11NioProtocol","message":"Starting ProtocolHandler ["http-nio-8080"]"}
{"timestamp":"2026-03-17 18:04:33,836","level":"INFO","traceId":"","logger":"org.springframework.boot.web.embedded.tomcat.TomcatWebServer","message":"Tomcat started on port 8080 (http) with context path ''"}
{"timestamp":"2026-03-17 18:04:33,844","level":"INFO","traceId":"","logger":"de.htwsaar.minicdn.origin.OriginApp","message":"Started OriginApp in 1.011 seconds (process running for 1.29)"}
{"timestamp":"2026-03-17 18:04:36,494","level":"INFO","traceId":"","logger":"org.apache.catalina.core.ContainerBase.[Tomcat].[localhost].[/]","message":"Initializing Spring DispatcherServlet 'dispatcherServlet'"}
{"timestamp":"2026-03-17 18:04:36,495","level":"INFO","traceId":"","logger":"org.springframework.web.servlet.DispatcherServlet","message":"Initializing Servlet 'dispatcherServlet'"}
{"timestamp":"2026-03-17 18:04:36,495","level":"INFO","traceId":"","logger":"org.springframework.web.servlet.DispatcherServlet","message":"Completed initialization in 0 ms"}
